// Jest Snapshot v1, https://goo.gl/fbAQLP

exports[`ReactVary adheres to the API 1`] = `
<div>
  <div>
    DisplayName: 
    UserProfile
     Variant: 
    0
  </div>
  <div
    style={
      Object {
        "backgroundColor": "turquoise",
      }
    }
  >
    DisplayName: 
    UserProfile
     Variant: 
    1
  </div>
  <div
    style={
      Object {
        "backgroundColor": "cornsilk",
      }
    }
  >
    DisplayName: 
    UserProfile
     Variant: 
    2
  </div>
</div>
`;
